---
source: tui/src/status/tests.rs
expression: sanitized
---
/status

╭────────────────────────────────────────╮
│  >_ Moedex (v0.0.0)                    │
│                                        │
│ Visit                                  │
│ https://chatgpt.com/codex/settings/usa │
│ for up-to-date                         │
│ information on rate limits and credits │
│                                        │
│  Model:                ｶﾞﾊﾟｶﾞﾊﾟｶﾞﾊﾟｶﾞ  │
│  Directory: [[workspace]]              │
│  Permissions:          Custom (workspa │
│  Agents.md:            <none>          │
│  Account:              ｶﾞﾊﾟｶﾞﾊﾟｶﾞﾊﾟ@ex │
│  Thread name:          ｶﾞﾊﾟｶﾞﾊﾟｶﾞﾊﾟｶﾞ  │
│  Collaboration mode:   ｶﾞﾊﾟ collaborat │
│                                        │
│  Limits:               data not availa │
╰────────────────────────────────────────╯
