---
source: tui/src/update_prompt.rs
assertion_line: 270
expression: terminal.backend()
---

  ✨ Update available! 0.0.0 -> 9.9.9

  Release notes: https://github.com/zak-keown/moedex/releases/latest

› 1. Update now (runs `sh -c 'curl -fsSL                                        
     https://github.com/zak-keown/moedex/releases/latest/download/install.sh |  
     MOEDEX_NON_INTERACTIVE=1 sh'`)                                             
  2. Skip
  3. Skip until next version

  Press enter to continue
