---
source: tui/src/app/tests.rs
expression: rendered
---
╭────────────────────────────────────────────────────╮
│ >_ Moedex (v<VERSION>)                             │
│                                                    │
│ model:     gpt-5.4 xhigh   fast   /model to change │
│ directory: /tmp/project                            │
╰────────────────────────────────────────────────────╯
