---
source: tui/src/app/tests/realtime_requests.rs
expression: "normalize_voice_snapshot_directory(&rendered, &app.config.cwd)"
---
╭────────────────────────────────────────╮
│ >_ Moedex (v0.0.0)                     │
│                                        │
│ model:     gpt-test   /model to change │
│ directory: /tmp/project                │
╰────────────────────────────────────────╯

  To get started, describe a task or try one of these commands:

  /init - create an AGENTS.md file with instructions for Moedex
  /status - show current session configuration
  /permissions - choose what Moedex is allowed to do
  /model - choose what model and reasoning effort to use
  /review - review any changes and find issues

› show <code> & tests

• spoken answer

› typed words


› show <code> & tests


› typed words

• different caption
