---
source: tui/src/bottom_pane/voice_strip_tests.rs
expression: "layouts.join(\"\\n\\n\")"
---
'f8', muted=false, width=80:
 voice ● listening                                      f8 mute     /voice stop
   mic ▆▅▄▃▂▁  moedex ▁▃▄▅▆█

'f8', muted=false, width=22:
 voice    /voice stop
   mic ▃▂▁  moedex ▅▆

'f8', muted=true, width=80:
 voice ◌ muted                                          f8 unmute   /voice stop
   mic ▁▁▁▁▁▁  moedex ▁▃▄▅▆█

'f8', muted=true, width=22:
 voice    /voice stop
   mic ▁▁▁  moedex ▅▆

'ctrl-x m', muted=false, width=80:
 voice ● listening                                ctrl+x m mute     /voice stop
   mic ▆▅▄▃▂▁  moedex ▁▃▄▅▆█

'ctrl-x m', muted=false, width=22:
 voice    /voice stop
   mic ▃▂▁  moedex ▅▆

'ctrl-x m', muted=true, width=80:
 voice ◌ muted                                    ctrl+x m unmute   /voice stop
   mic ▁▁▁▁▁▁  moedex ▁▃▄▅▆█

'ctrl-x m', muted=true, width=22:
 voice    /voice stop
   mic ▁▁▁  moedex ▅▆

[], muted=false, width=80:
 voice ● listening                                    /voice mute   /voice stop
   mic ▆▅▄▃▂▁  moedex ▁▃▄▅▆█

[], muted=false, width=22:
 voice    /voice stop
   mic ▃▂▁  moedex ▅▆

[], muted=true, width=80:
 voice ◌ muted                                        /voice mute   /voice stop
   mic ▁▁▁▁▁▁  moedex ▁▃▄▅▆█

[], muted=true, width=22:
 voice    /voice stop
   mic ▁▁▁  moedex ▅▆
