---
source: tui/src/bottom_pane/experimental_features_view_tests.rs
assertion_line: 166
expression: buffer_text(&buffer)
---

  Experimental features
  Checked features are configured on. Some experimental features take effect
  only in new tasks or after restarting the Moedex server.
  Server experiments unavailable. Reopen /experimental to retry; restart this
  Moedex client if requests remain unanswered.

  No experimental features available for now

  Press space to select or enter to save
