---
source: tui/src/chatwidget/tests/popups_and_settings.rs
assertion_line: 3106
expression: popup
---
  Experimental features
  Checked features are configured on. Some experimental features take effect
  only in new tasks or after restarting the Moedex server.

› [x] Shell tool  Allow the model to run shell commands.

  Press space to select or ctrl + x enter to save
