---
source: tui/src/chatwidget/tests/slash_commands.rs
assertion_line: 3158
expression: popup
---
  Select Pet
  Choose a pet to wake in the terminal.

  Type to filter pets...
  Disable terminal pets
  BSOD                   A tiny blue-screen
                         gremlin
  Dewey                  A tidy duck for calm
                         workspace days
  Fireball               Hot path energy for          Loading preview...
                         fast iteration
› Moedex                 The original Moedex
                         companion
  Null Signal            Quiet signal from the
                         void
  Rocky                  A steady rock when
                         the diff gets large
  Seedy                  Small green shoots
                         for new ideas

  Press enter to confirm or esc to go back
