---
source: tui/src/history_cell/tests.rs
expression: rendered
---
╭───────────────────────────────────────╮
│ >_ Moedex (vtest)                     │
│                                       │
│ model:       gpt-5   /model to change │
│ directory:   /tmp/project             │
│ permissions: YOLO mode                │
╰───────────────────────────────────────╯
