---
source: tui/src/history_cell/tests.rs
expression: "render_lines(&cell.display_lines(100)).join(\"\\n\")"
---
⚠ A background Moedex service is running v0.152.1, older than your Moedex CLI v0.153.0.
  To update the service, run:
    moedex app-server daemon update
  Updating may interrupt active or queued work.
