---
source: tui/src/history_cell/tests.rs
assertion_line: 1289
expression: rendered
---
╭────────────────────────────────────────────────────────────────────────────────────────────────────────────╮
│ ✨ Update available! 0.0.0 -> 9.9.9                                                                        │
│ Run sh -c 'curl -fsSL https://github.com/zak-keown/moedex/releases/latest/download/install.sh |            │
│ MOEDEX_NON_INTERACTIVE=1 sh' to update.                                                                    │
│                                                                                                            │
│ See full release notes:                                                                                    │
│ https://github.com/zak-keown/moedex/releases/latest                                                        │
╰────────────────────────────────────────────────────────────────────────────────────────────────────────────╯
