---
source: tui/src/history_cell/tests.rs
assertion_line: 1298
expression: rendered
---
╭────────────────────────────────────────────────────────────────────────────────────────────────────────────╮
│ ✨ Update available! 0.0.0 -> 9.9.9                                                                        │
│ Run powershell -ExecutionPolicy Bypass -c '$env:MOEDEX_NON_INTERACTIVE=1; irm                              │
│ https://github.com/zak-keown/moedex/releases/latest/download/install.ps1 | iex' to update.                 │
│                                                                                                            │
│ See full release notes:                                                                                    │
│ https://github.com/zak-keown/moedex/releases/latest                                                        │
╰────────────────────────────────────────────────────────────────────────────────────────────────────────────╯
